internal\plugin\trpc\hook_callbacks.go:180:29: undefined: loggateway
